#include<stdio.h>
#include<SDL/SDL.h>
#include<SDL/SDL_image.h>
#include<SDL/SDL_mixer.h>
#include<SDL/SDL_ttf.h>
#include "header.h"

int main(void){
int continuer=1;
SDL_Surface *screen,*backg;
map m;
Time temps;
SDL_Event event;
SDL_Rect position_camera,pos_backg;
int longueurM = 8000, largeurM = 800, longueur = 800, largeur = 80,distance = 100;
int redimensionnement =  distance * longueur / longueurM;

backg=IMG_Load("background.jpg");
	pos_backg.x=0;
	pos_backg.y=0;
	
screen=SDL_SetVideoMode(1366,678,32,SDL_HWSURFACE|SDL_DOUBLEBUF);

initminimap(&m,screen);
inittemps(&temps);

 while (continuer)
    {
    SDL_BlitSurface(backg,NULL,screen,&pos_backg);
    afficherminimap(&m,screen);
    update_time(&temps);
    displaytime(temps,screen);
    
	SDL_PollEvent(&event);
	switch(event.type)
        {
        case SDL_QUIT:
                continuer = 0;
                break;
            case SDL_KEYDOWN:
                switch (event.key.keysym.sym)
                {
                case SDLK_ESCAPE:
                    continuer = 0;
                    break;
                case SDLK_RIGHT:
                        MAJminimap(&m,position_camera,redimensionnement);
                    break;
                case SDLK_LEFT:
                        MAJminimap(&m,position_camera,redimensionnement);
                break;
                    case SDLK_DOWN:
                        MAJminimap(&m,position_camera,redimensionnement);
                    break;
                case SDLK_UP:
                        MAJminimap(&m,position_camera,redimensionnement);
                    break; 
            	}
        }
        SDL_Flip(screen);
    }
TTF_Quit();
SDL_Quit();
return EXIT_SUCCESS;      
}
